                               OpCapability Shader
                               OpCapability Linkage
                               OpMemoryModel Logical GLSL450
                %type_void_1 = OpTypeVoid
       %type_func_ret_void_2 = OpTypeFunction %type_void_1
               %type_int32_5 = OpTypeInt 32 1
      %type_func_ret_int32_6 = OpTypeFunction %type_int32_5
            %const_int32_1_9 = OpConstant %type_int32_5 1
           %const_int32_2_10 = OpConstant %type_int32_5 2
               %func_empty_3 = OpFunction %type_void_1 None %type_func_ret_void_2
        %block_entry_empty_4 = OpLabel
                               OpReturn
                               OpFunctionEnd
         %func_returnBlock_7 = OpFunction %type_int32_5 None %type_func_ret_int32_6
  %block_entry_returnBlock_8 = OpLabel
                        %_11 = OpIAdd %type_int32_5 %const_int32_1_9 %const_int32_2_10
                               OpReturnValue %_11
                               OpFunctionEnd
       %func_doubleReturn_13 = OpFunction %type_int32_5 None %type_func_ret_int32_6
%block_entry_doubleReturn_14 = OpLabel
                               OpReturnValue %const_int32_1_9
      %block_doubleReturn_15 = OpLabel
                               OpReturnValue %const_int32_2_10
                               OpFunctionEnd

