OpCapability Shader
OpCapability Linkage
OpMemoryModel Logical GLSL450
%type_int32_1 = OpTypeInt 32 1
%type_func_ret_int32_2 = OpTypeFunction %type_int32_1
%const_int32_1_5 = OpConstant %type_int32_1 1
%const_int32_2_6 = OpConstant %type_int32_1 2
%func_three_3 = OpFunction %type_int32_1 None %type_func_ret_int32_2
%block_entry_three_4 = OpLabel
%_7 = OpIAdd %type_int32_1 %const_int32_1_5 %const_int32_2_6
OpReturnValue %_7
OpFunctionEnd
%func_main_9 = OpFunction %type_int32_1 None %type_func_ret_int32_2
%block_entry_main_10 = OpLabel
%_11 = OpFunctionCall %type_int32_1 %func_three_3
OpReturnValue %_11
OpFunctionEnd

