                                      OpCapability Shader
                                      OpCapability Linkage
                                      OpMemoryModel Logical GLSL450
                      %type_int32_1 = OpTypeInt 32 1
             %type_func_ret_int32_2 = OpTypeFunction %type_int32_1
                %type_ptr_int32_7_5 = OpTypePointer Function %type_int32_1
                      %type_bool_15 = OpTypeBool
%type_func_int32_int32_ret_int32_42 = OpTypeFunction %type_int32_1 %type_int32_1 %type_int32_1
                   %const_int32_0_7 = OpConstant %type_int32_1 0
                 %const_int32_10_14 = OpConstant %type_int32_1 10
                  %const_int32_1_20 = OpConstant %type_int32_1 1
          %const_const_bool_true_72 = OpConstantTrue %type_bool_15
                  %const_int32_2_99 = OpConstant %type_int32_1 2
                  %func_simpleFor_3 = OpFunction %type_int32_1 None %type_func_ret_int32_2
           %block_entry_simpleFor_4 = OpLabel
                               %n_6 = OpVariable %type_ptr_int32_7_5 Function %const_int32_0_7
                               %i_8 = OpVariable %type_ptr_int32_7_5 Function %const_int32_0_7
                                      OpBranch %block_forHeader_9
                 %block_forHeader_9 = OpLabel
                               %_13 = OpLoad %type_int32_1 %i_8
                               %_16 = OpSLessThan %type_bool_15 %_13 %const_int32_10_14
                                      OpLoopMerge %block_forMerge_12 %block_forContinue_11 None
                                      OpBranchConditional %_16 %block_forBody_10 %block_forMerge_12
                 %block_forMerge_12 = OpLabel
                               %_23 = OpLoad %type_int32_1 %n_6
                                      OpReturnValue %_23
                  %block_forBody_10 = OpLabel
                               %_17 = OpLoad %type_int32_1 %n_6
                               %_18 = OpLoad %type_int32_1 %i_8
                               %_19 = OpIAdd %type_int32_1 %_17 %_18
                                      OpStore %n_6 %_19
                                      OpBranch %block_forContinue_11
              %block_forContinue_11 = OpLabel
                               %_21 = OpLoad %type_int32_1 %i_8
                               %_22 = OpIAdd %type_int32_1 %_21 %const_int32_1_20
                                      OpStore %i_8 %_22
                                      OpBranch %block_forHeader_9
                                      OpFunctionEnd
                 %func_forNoInit_25 = OpFunction %type_int32_1 None %type_func_ret_int32_2
          %block_entry_forNoInit_26 = OpLabel
                              %i_27 = OpVariable %type_ptr_int32_7_5 Function %const_int32_0_7
                              %n_28 = OpVariable %type_ptr_int32_7_5 Function %const_int32_0_7
                                      OpBranch %block_forHeader_29
                %block_forHeader_29 = OpLabel
                               %_33 = OpLoad %type_int32_1 %i_27
                               %_34 = OpSLessThan %type_bool_15 %_33 %const_int32_10_14
                                      OpLoopMerge %block_forMerge_32 %block_forContinue_31 None
                                      OpBranchConditional %_34 %block_forBody_30 %block_forMerge_32
                 %block_forMerge_32 = OpLabel
                               %_40 = OpLoad %type_int32_1 %n_28
                                      OpReturnValue %_40
                  %block_forBody_30 = OpLabel
                               %_35 = OpLoad %type_int32_1 %n_28
                               %_36 = OpLoad %type_int32_1 %i_27
                               %_37 = OpIAdd %type_int32_1 %_35 %_36
                                      OpStore %n_28 %_37
                                      OpBranch %block_forContinue_31
              %block_forContinue_31 = OpLabel
                               %_38 = OpLoad %type_int32_1 %i_27
                               %_39 = OpIAdd %type_int32_1 %_38 %const_int32_1_20
                                      OpStore %i_27 %_39
                                      OpBranch %block_forHeader_29
                                      OpFunctionEnd
                 %func_forNoPost_45 = OpFunction %type_int32_1 None %type_func_int32_int32_ret_int32_42
                          %start_43 = OpFunctionParameter %type_int32_1
                            %end_44 = OpFunctionParameter %type_int32_1
          %block_entry_forNoPost_46 = OpLabel
                              %n_47 = OpVariable %type_ptr_int32_7_5 Function %const_int32_0_7
                              %i_48 = OpVariable %type_ptr_int32_7_5 Function
                                      OpStore %i_48 %start_43
                                      OpBranch %block_forHeader_49
                %block_forHeader_49 = OpLabel
                               %_53 = OpLoad %type_int32_1 %i_48
                               %_54 = OpSLessThan %type_bool_15 %_53 %end_44
                                      OpLoopMerge %block_forMerge_52 %block_forContinue_51 None
                                      OpBranchConditional %_54 %block_forBody_50 %block_forMerge_52
                 %block_forMerge_52 = OpLabel
                               %_60 = OpLoad %type_int32_1 %n_47
                                      OpReturnValue %_60
                  %block_forBody_50 = OpLabel
                               %_55 = OpLoad %type_int32_1 %n_47
                               %_56 = OpLoad %type_int32_1 %i_48
                               %_57 = OpIAdd %type_int32_1 %_55 %_56
                                      OpStore %n_47 %_57
                               %_58 = OpLoad %type_int32_1 %i_48
                               %_59 = OpIAdd %type_int32_1 %_58 %const_int32_1_20
                                      OpStore %i_48 %_59
                                      OpBranch %block_forContinue_51
              %block_forContinue_51 = OpLabel
                                      OpBranch %block_forHeader_49
                                      OpFunctionEnd
                 %func_forNoCond_64 = OpFunction %type_int32_1 None %type_func_int32_int32_ret_int32_42
                          %start_62 = OpFunctionParameter %type_int32_1
                            %end_63 = OpFunctionParameter %type_int32_1
          %block_entry_forNoCond_65 = OpLabel
                              %n_66 = OpVariable %type_ptr_int32_7_5 Function %const_int32_0_7
                              %i_67 = OpVariable %type_ptr_int32_7_5 Function
                                      OpStore %i_67 %start_62
                                      OpBranch %block_forHeader_68
                %block_forHeader_68 = OpLabel
                                      OpLoopMerge %block_forMerge_71 %block_forContinue_70 None
                                      OpBranchConditional %const_const_bool_true_72 %block_forBody_69 %block_forMerge_71
                  %block_forBody_69 = OpLabel
                               %_73 = OpLoad %type_int32_1 %i_67
                               %_74 = OpSGreaterThanEqual %type_bool_15 %_73 %end_63
                                      OpSelectionMerge %block_if_merge_77 None
                                      OpBranchConditional %_74 %block_true_block_75 %block_false_block_76
              %block_false_block_76 = OpLabel
                                      OpBranch %block_if_merge_77
                 %block_if_merge_77 = OpLabel
                               %_79 = OpLoad %type_int32_1 %n_66
                               %_80 = OpLoad %type_int32_1 %i_67
                               %_81 = OpIAdd %type_int32_1 %_79 %_80
                                      OpStore %n_66 %_81
                                      OpBranch %block_forContinue_70
              %block_forContinue_70 = OpLabel
                               %_82 = OpLoad %type_int32_1 %i_67
                               %_83 = OpIAdd %type_int32_1 %_82 %const_int32_1_20
                                      OpStore %i_67 %_83
                                      OpBranch %block_forHeader_68
               %block_true_block_75 = OpLabel
                                      OpBranch %block_forMerge_71
                 %block_forMerge_71 = OpLabel
                               %_84 = OpLoad %type_int32_1 %n_66
                                      OpReturnValue %_84
                                      OpFunctionEnd
           %func_forWithContinue_88 = OpFunction %type_int32_1 None %type_func_int32_int32_ret_int32_42
                          %start_86 = OpFunctionParameter %type_int32_1
                            %end_87 = OpFunctionParameter %type_int32_1
    %block_entry_forWithContinue_89 = OpLabel
                              %n_90 = OpVariable %type_ptr_int32_7_5 Function %const_int32_0_7
                              %i_91 = OpVariable %type_ptr_int32_7_5 Function
                                      OpStore %i_91 %start_86
                                      OpBranch %block_forHeader_92
                %block_forHeader_92 = OpLabel
                               %_96 = OpLoad %type_int32_1 %i_91
                               %_97 = OpSLessThan %type_bool_15 %_96 %end_87
                                      OpLoopMerge %block_forMerge_95 %block_forContinue_94 None
                                      OpBranchConditional %_97 %block_forBody_93 %block_forMerge_95
                 %block_forMerge_95 = OpLabel
                              %_111 = OpLoad %type_int32_1 %n_90
                                      OpReturnValue %_111
                  %block_forBody_93 = OpLabel
                               %_98 = OpLoad %type_int32_1 %i_91
                              %_100 = OpSRem %type_int32_1 %_98 %const_int32_2_99
                              %_101 = OpIEqual %type_bool_15 %_100 %const_int32_0_7
                                      OpSelectionMerge %block_if_merge_104 None
                                      OpBranchConditional %_101 %block_true_block_102 %block_false_block_103
             %block_false_block_103 = OpLabel
                                      OpBranch %block_if_merge_104
                %block_if_merge_104 = OpLabel
                              %_106 = OpLoad %type_int32_1 %n_90
                              %_107 = OpLoad %type_int32_1 %i_91
                              %_108 = OpIAdd %type_int32_1 %_106 %_107
                                      OpStore %n_90 %_108
                                      OpBranch %block_forContinue_94
              %block_true_block_102 = OpLabel
                                      OpBranch %block_forContinue_94
              %block_forContinue_94 = OpLabel
                              %_109 = OpLoad %type_int32_1 %i_91
                              %_110 = OpIAdd %type_int32_1 %_109 %const_int32_1_20
                                      OpStore %i_91 %_110
                                      OpBranch %block_forHeader_92
                                      OpFunctionEnd

