OpCapability Shader
OpCapability Linkage
OpMemoryModel Logical GLSL450
%type_int32_1 = OpTypeInt 32 1
%type_float32_2 = OpTypeFloat 32
%type_bool_3 = OpTypeBool
%type_func_int32_float32_float32_bool_ret_int32_4 = OpTypeFunction %type_int32_1 %type_int32_1 %type_float32_2 %type_float32_2 %type_bool_3
%type_func_int32_float32_float32_bool_ret_float32_12 = OpTypeFunction %type_float32_2 %type_int32_1 %type_float32_2 %type_float32_2 %type_bool_3
%type_func_int32_float32_float32_bool_ret_bool_27 = OpTypeFunction %type_bool_3 %type_int32_1 %type_float32_2 %type_float32_2 %type_bool_3
%type_void_35 = OpTypeVoid
%type_func_int32_float32_bool_ret_void_36 = OpTypeFunction %type_void_35 %type_int32_1 %type_float32_2 %type_bool_3
%func_testWithNamesIntX_9 = OpFunction %type_int32_1 None %type_func_int32_float32_float32_bool_ret_int32_4
%x_5 = OpFunctionParameter %type_int32_1
%y_6 = OpFunctionParameter %type_float32_2
%z_7 = OpFunctionParameter %type_float32_2
%b_8 = OpFunctionParameter %type_bool_3
%block_entry_testWithNamesIntX_10 = OpLabel
OpReturnValue %x_5
OpFunctionEnd
%func_testWithNamesFloatY_17 = OpFunction %type_float32_2 None %type_func_int32_float32_float32_bool_ret_float32_12
%x_13 = OpFunctionParameter %type_int32_1
%y_14 = OpFunctionParameter %type_float32_2
%z_15 = OpFunctionParameter %type_float32_2
%b_16 = OpFunctionParameter %type_bool_3
%block_entry_testWithNamesFloatY_18 = OpLabel
OpReturnValue %y_14
OpFunctionEnd
%func_testWithNamesFloatZ_24 = OpFunction %type_float32_2 None %type_func_int32_float32_float32_bool_ret_float32_12
%x_20 = OpFunctionParameter %type_int32_1
%y_21 = OpFunctionParameter %type_float32_2
%z_22 = OpFunctionParameter %type_float32_2
%b_23 = OpFunctionParameter %type_bool_3
%block_entry_testWithNamesFloatZ_25 = OpLabel
OpReturnValue %z_22
OpFunctionEnd
%func_testWithNamesBoolB_32 = OpFunction %type_bool_3 None %type_func_int32_float32_float32_bool_ret_bool_27
%x_28 = OpFunctionParameter %type_int32_1
%y_29 = OpFunctionParameter %type_float32_2
%z_30 = OpFunctionParameter %type_float32_2
%b_31 = OpFunctionParameter %type_bool_3
%block_entry_testWithNamesBoolB_33 = OpLabel
OpReturnValue %b_31
OpFunctionEnd
%func_testWithoutNames_40 = OpFunction %type_void_35 None %type_func_int32_float32_bool_ret_void_36
%UnnamedParam0_37 = OpFunctionParameter %type_int32_1
%UnnamedParam1_38 = OpFunctionParameter %type_float32_2
%UnnamedParam2_39 = OpFunctionParameter %type_bool_3
%block_entry_testWithoutNames_41 = OpLabel
OpReturn
OpFunctionEnd

