OpCapability Shader
OpCapability Linkage
OpMemoryModel Logical GLSL450
%type_int32_1 = OpTypeInt 32 1
%type_float32_2 = OpTypeFloat 32
%type_bool_3 = OpTypeBool
%type_func_int32_float32_float32_bool_ret_int32_4 = OpTypeFunction %type_int32_1 %type_int32_1 %type_float32_2 %type_float32_2 %type_bool_3
%type_func_int32_float32_float32_bool_ret_float32_11 = OpTypeFunction %type_float32_2 %type_int32_1 %type_float32_2 %type_float32_2 %type_bool_3
%type_func_int32_float32_float32_bool_ret_bool_24 = OpTypeFunction %type_bool_3 %type_int32_1 %type_float32_2 %type_float32_2 %type_bool_3
%type_void_31 = OpTypeVoid
%type_func_int32_float32_bool_ret_void_32 = OpTypeFunction %type_void_31 %type_int32_1 %type_float32_2 %type_bool_3
%func_testWithNamesIntX_9 = OpFunction %type_int32_1 None %type_func_int32_float32_float32_bool_ret_int32_4
%x_5 = OpFunctionParameter %type_int32_1
%y_6 = OpFunctionParameter %type_float32_2
%z_7 = OpFunctionParameter %type_float32_2
%b_8 = OpFunctionParameter %type_bool_3
%block_testWithNamesIntX_10 = OpLabel
OpReturnValue %x_5
OpFunctionEnd
%func_testWithNamesFloatY_16 = OpFunction %type_float32_2 None %type_func_int32_float32_float32_bool_ret_float32_11
%x_12 = OpFunctionParameter %type_int32_1
%y_13 = OpFunctionParameter %type_float32_2
%z_14 = OpFunctionParameter %type_float32_2
%b_15 = OpFunctionParameter %type_bool_3
%block_testWithNamesFloatY_17 = OpLabel
OpReturnValue %y_13
OpFunctionEnd
%func_testWithNamesFloatZ_22 = OpFunction %type_float32_2 None %type_func_int32_float32_float32_bool_ret_float32_11
%x_18 = OpFunctionParameter %type_int32_1
%y_19 = OpFunctionParameter %type_float32_2
%z_20 = OpFunctionParameter %type_float32_2
%b_21 = OpFunctionParameter %type_bool_3
%block_testWithNamesFloatZ_23 = OpLabel
OpReturnValue %z_20
OpFunctionEnd
%func_testWithNamesBoolB_29 = OpFunction %type_bool_3 None %type_func_int32_float32_float32_bool_ret_bool_24
%x_25 = OpFunctionParameter %type_int32_1
%y_26 = OpFunctionParameter %type_float32_2
%z_27 = OpFunctionParameter %type_float32_2
%b_28 = OpFunctionParameter %type_bool_3
%block_testWithNamesBoolB_30 = OpLabel
OpReturnValue %b_28
OpFunctionEnd
%func_testWithoutNames_36 = OpFunction %type_void_31 None %type_func_int32_float32_bool_ret_void_32
%UnnamedParam0_33 = OpFunctionParameter %type_int32_1
%UnnamedParam1_34 = OpFunctionParameter %type_float32_2
%UnnamedParam2_35 = OpFunctionParameter %type_bool_3
%block_testWithoutNames_37 = OpLabel
OpReturn
OpFunctionEnd
