>> 	        case 1:
>> 	             ^  
Error[internal/compiler/testdata/Check/switchStmt.sabre:54:14]: duplicate case value '1'
>> 	        case 1:
>> 	             ^  
Note[internal/compiler/testdata/Check/switchStmt.sabre:52:14]: first case value declared here
>> 	            fallthrough
>> 	            ^^^^^^^^^^^ 
Error[internal/compiler/testdata/Check/switchStmt.sabre:60:13]: cannot fallthrough from the final case in a switch
>> 	            fallthrough
>> 	            ^^^^^^^^^^^ 
Error[internal/compiler/testdata/Check/switchStmt.sabre:65:13]: fallthrough statement must be the last statement in a case
